\BOOKMARK [0][]{chapter.1}{\376\377\173\054\116\000\172\340\000\040\225\356\230\230\116\016\122\250\147\072}{}% 1
\BOOKMARK [1][]{section.1.1}{\376\377\0001\000.\0001\000\040\211\201\211\343\121\263\166\204\225\356\230\230}{chapter.1}% 2
\BOOKMARK [1][]{section.1.2}{\376\377\0001\000.\0002\000\040\213\276\133\232}{chapter.1}% 3
\BOOKMARK [0][]{chapter.2}{\376\377\173\054\116\214\172\340\000\040\116\316\147\000\232\330\116\377\134\004\116\013\165\114\122\060\121\161\217\155\133\232\116\111}{}% 4
\BOOKMARK [1][]{section.2.1}{\376\377\0002\000.\0001\000\040\126\372\133\232\145\234\163\207\377\032\116\072\116\300\116\110\121\372\163\260\000\040\000p\000\267\000x\000-\000f\000\050\000x\000\051}{chapter.2}% 5
\BOOKMARK [1][]{section.2.2}{\376\377\0002\000.\0002\000\040\116\072\116\300\116\110\123\326\000\040\000s\000u\000p}{chapter.2}% 6
\BOOKMARK [1][]{section.2.3}{\376\377\0002\000.\0003\000\040\000L\000e\000g\000e\000n\000d\000r\000e\040\023\000F\000e\000n\000c\000h\000e\000l\000\040\133\232\116\111}{chapter.2}% 7
\BOOKMARK [1][]{section.2.4}{\376\377\0002\000.\0004\000\040\147\000\232\330\116\377\134\004\116\013\165\114\116\016\145\057\144\221\166\364\176\277}{chapter.2}% 8
\BOOKMARK [1][]{section.2.5}{\376\377\0002\000.\0005\000\040\117\030\123\026\211\306\211\322\377\010\210\145\121\105\377\011}{chapter.2}% 9
\BOOKMARK [0][]{chapter.3}{\376\377\173\054\116\011\172\340\000\040\176\317\121\170\000\040\000L\000e\000g\000e\000n\000d\000r\000e\000\040\121\231\154\325}{}% 10
\BOOKMARK [1][]{section.3.1}{\376\377\0003\000.\0001\000\040\117\125\145\366\123\357\165\050\143\142\123\330\221\317}{chapter.3}% 11
\BOOKMARK [1][]{section.3.2}{\376\377\0003\000.\0002\000\040\116\044\174\173\123\330\143\142\166\204\133\371\161\147}{chapter.3}% 12
\BOOKMARK [0][]{chapter.4}{\376\377\173\054\126\333\172\340\000\040\121\170\127\213\117\213\133\120}{}% 13
\BOOKMARK [1][]{section.4.1}{\376\377\0004\000.\0001\000\040\117\213\116\000\377\032\000f\000\050\000x\000\051\000=\000x\0002\000/\0002\377\010\131\004\131\004\202\157\140\047\377\011}{chapter.4}% 14
\BOOKMARK [1][]{section.4.2}{\376\377\0004\000.\0002\000\040\117\213\116\214\377\032\000f\000\050\000x\000\051\000=\000e\000x\377\010\146\264\227\062\217\271\165\114\377\011}{chapter.4}% 15
\BOOKMARK [0][]{chapter.5}{\376\377\173\054\116\224\172\340\000\040\000F\000e\000n\000c\000h\000e\000l\040\023\000Y\000o\000u\000n\000g\000\040\116\015\173\111\137\017\060\001\213\357\123\072\116\016\140\073\176\323}{}% 16
\BOOKMARK [1][]{section.5.1}{\376\377\0005\000.\0001\000\040\000F\000e\000n\000c\000h\000e\000l\040\023\000Y\000o\000u\000n\000g\000\040\116\015\173\111\137\017}{chapter.5}% 17
\BOOKMARK [1][]{section.5.2}{\376\377\0005\000.\0002\000\040\136\070\211\301\213\357\123\072}{chapter.5}% 18
\BOOKMARK [1][]{section.5.3}{\376\377\0005\000.\0003\000\040\167\345\213\306\200\124\174\373}{chapter.5}% 19
\BOOKMARK [1][]{section.5.4}{\376\377\0005\000.\0004\000\040\147\054\172\340\140\073\176\323}{chapter.5}% 20
\BOOKMARK [0][]{appendix.A}{\376\377\000A\000\040\173\046\123\367\210\150}{}% 21
\BOOKMARK [0][]{appendix*.5}{\376\377\213\364\146\016}{}% 22
